11:11:23 [INFO]   Launched worker 6000-7000 (PID=32660, 1 active, 4 pending)
11:11:23 [INFO]   Launched worker 7000-8000 (PID=35800, 2 active, 3 pending)
11:11:23 [INFO] ├─ Progress ──────────────────────────────
11:11:23 [INFO]   Worker 6000-7000: (processing...)
11:11:23 [INFO]   Worker 7000-8000: (processing...)
11:11:23 [INFO] └─────────────────────────────────────────
11:12:38 [INFO] ├─ Progress ──────────────────────────────
11:12:38 [INFO]   Worker 6000-7000: DB:      D:\Machine Learning\project_genesis\GLM_X\glm_x_code\model_training\universal\parallel_tmp\w_6000-7000\chunk_6000-7000.db
11:12:38 [INFO]   Worker 7000-8000: DB:      D:\Machine Learning\project_genesis\GLM_X\glm_x_code\model_training\universal\parallel_tmp\w_7000-8000\chunk_7000-8000.db
11:12:38 [INFO] └─────────────────────────────────────────
11:12:53 [INFO] ├─ Progress ──────────────────────────────
11:12:53 [INFO]   Worker 6000-7000: Documents: 200
11:12:53 [INFO]   Worker 7000-8000: Documents: 200
11:12:53 [INFO] └─────────────────────────────────────────
11:13:53 [INFO] ├─ Progress ──────────────────────────────
11:13:53 [INFO]   Worker 6000-7000: Documents:   1%|▎                              | 2/200 [00:03<05:20,  1.62s/doc]
11:13:53 [INFO]   Worker 7000-8000: Documents:   0%|▏                              | 1/200 [00:02<06:42,  2.02s/doc]
11:13:53 [INFO] └─────────────────────────────────────────
11:14:08 [INFO] ├─ Progress ──────────────────────────────
11:14:08 [INFO]   Worker 6000-7000: Documents:   4%|█                              | 7/200 [00:16<08:32,  2.65s/doc]
11:14:08 [INFO]   Worker 7000-8000: Documents:   2%|▊                              | 5/200 [00:17<12:46,  3.93s/doc]
11:14:08 [INFO] └─────────────────────────────────────────
11:14:23 [INFO] ├─ Progress ──────────────────────────────
11:14:23 [INFO]   Worker 6000-7000: Documents:   8%|██▎                           | 15/200 [00:33<07:42,  2.50s/doc]
11:14:23 [INFO]   Worker 7000-8000: Documents:   6%|█▋                            | 11/200 [00:31<08:28,  2.69s/doc]
11:14:23 [INFO] └─────────────────────────────────────────
11:14:38 [INFO] ├─ Progress ──────────────────────────────
11:14:38 [INFO]   Worker 6000-7000: Documents:  10%|███▏                          | 21/200 [00:47<06:14,  2.09s/doc]
11:14:38 [INFO]   Worker 7000-8000: Documents:   8%|██▌                           | 17/200 [00:46<08:30,  2.79s/doc]
11:14:38 [INFO] └─────────────────────────────────────────
11:14:53 [INFO] ├─ Progress ──────────────────────────────
11:14:53 [INFO]   Worker 6000-7000: Documents:  14%|████▎                         | 29/200 [01:01<04:34,  1.60s/doc]
11:14:53 [INFO]   Worker 7000-8000: Documents:  12%|███▍                          | 23/200 [01:03<07:29,  2.54s/doc]
11:14:53 [INFO] └─────────────────────────────────────────
11:15:08 [INFO] ├─ Progress ──────────────────────────────
11:15:08 [INFO]   Worker 6000-7000: Documents:  18%|█████▌                        | 37/200 [01:18<05:01,  1.85s/doc]
11:15:08 [INFO]   Worker 7000-8000: Documents:  14%|████▎                         | 29/200 [01:18<07:50,  2.75s/doc]
11:15:08 [INFO] └─────────────────────────────────────────
11:15:23 [INFO] ├─ Progress ──────────────────────────────
11:15:23 [INFO]   Worker 6000-7000: Documents:  24%|███████                       | 47/200 [01:33<03:06,  1.22s/doc]
11:15:23 [INFO]   Worker 7000-8000: Documents:  18%|█████▎                        | 35/200 [01:32<06:26,  2.34s/doc]
11:15:23 [INFO] └─────────────────────────────────────────
11:15:38 [INFO] ├─ Progress ──────────────────────────────
11:15:38 [INFO]   Worker 6000-7000: Documents:  27%|████████                      | 54/200 [01:48<04:15,  1.75s/doc]
11:15:38 [INFO]   Worker 7000-8000: Documents:  20%|██████▏                       | 41/200 [01:47<06:54,  2.61s/doc]
11:15:38 [INFO] └─────────────────────────────────────────
11:15:53 [INFO] ├─ Progress ──────────────────────────────
11:15:53 [INFO]   Worker 6000-7000: Documents:  30%|█████████▏                    | 61/200 [02:03<04:33,  1.97s/doc]
11:15:53 [INFO]   Worker 7000-8000: Documents:  24%|███████▏                      | 48/200 [02:02<05:55,  2.34s/doc]
11:15:53 [INFO] └─────────────────────────────────────────
11:16:08 [INFO] ├─ Progress ──────────────────────────────
11:16:08 [INFO]   Worker 6000-7000: Documents:  35%|██████████▌                   | 70/200 [02:18<03:39,  1.69s/doc]
11:16:08 [INFO]   Worker 7000-8000: Documents:  28%|████████▎                     | 55/200 [02:17<05:24,  2.24s/doc]
11:16:08 [INFO] └─────────────────────────────────────────
11:16:23 [INFO] ├─ Progress ──────────────────────────────
11:16:23 [INFO]   Worker 6000-7000: Documents:  40%|████████████▏                 | 81/200 [02:33<03:14,  1.63s/doc]
11:16:23 [INFO]   Worker 7000-8000: Documents:  32%|█████████▌                    | 64/200 [02:32<03:16,  1.45s/doc]
11:16:23 [INFO] └─────────────────────────────────────────
11:16:38 [INFO] ├─ Progress ──────────────────────────────
11:16:38 [INFO]   Worker 6000-7000: Documents:  47%|██████████████                | 94/200 [02:49<03:01,  1.71s/doc]
11:16:38 [INFO]   Worker 7000-8000: Documents:  37%|███████████                   | 74/200 [02:48<03:05,  1.47s/doc]
11:16:38 [INFO] └─────────────────────────────────────────
11:16:53 [INFO] ├─ Progress ──────────────────────────────
11:16:53 [INFO]   Worker 6000-7000: Documents:  51%|██████████████▊              | 102/200 [03:02<03:01,  1.86s/doc]
11:16:53 [INFO]   Worker 7000-8000: Documents:  42%|████████████▍                 | 83/200 [03:03<02:58,  1.53s/doc]
11:16:53 [INFO] └─────────────────────────────────────────
11:17:08 [INFO] ├─ Progress ──────────────────────────────
11:17:08 [INFO]   Worker 6000-7000: Documents:  56%|████████████████▏            | 112/200 [03:18<01:54,  1.30s/doc]
11:17:08 [INFO]   Worker 7000-8000: Documents:  46%|█████████████▊                | 92/200 [03:18<03:09,  1.76s/doc]
11:17:08 [INFO] └─────────────────────────────────────────
11:17:23 [INFO] ├─ Progress ──────────────────────────────
11:17:23 [INFO]   Worker 6000-7000: Documents:  61%|█████████████████▋           | 122/200 [03:33<01:43,  1.33s/doc]
11:17:23 [INFO]   Worker 7000-8000: Documents:  50%|██████████████▌              | 100/200 [03:33<03:00,  1.81s/doc]
11:17:23 [INFO] └─────────────────────────────────────────
11:17:38 [INFO] ├─ Progress ──────────────────────────────
11:17:38 [INFO]   Worker 6000-7000: Documents:  67%|███████████████████▍         | 134/200 [03:49<01:24,  1.28s/doc]
11:17:38 [INFO]   Worker 7000-8000: Documents:  54%|███████████████▋             | 108/200 [03:48<02:45,  1.80s/doc]
11:17:38 [INFO] └─────────────────────────────────────────
11:17:53 [INFO] ├─ Progress ──────────────────────────────
11:17:53 [INFO]   Worker 6000-7000: Documents:  71%|████████████████████▌        | 142/200 [04:03<01:40,  1.73s/doc]
11:17:53 [INFO]   Worker 7000-8000: Documents:  58%|████████████████▊            | 116/200 [04:02<02:42,  1.93s/doc]
11:17:53 [INFO] └─────────────────────────────────────────
11:18:08 [INFO] ├─ Progress ──────────────────────────────
11:18:08 [INFO]   Worker 6000-7000: Documents:  76%|█████████████████████▉       | 151/200 [04:18<01:10,  1.43s/doc]
11:18:08 [INFO]   Worker 7000-8000: Documents:  64%|██████████████████▍          | 127/200 [04:18<01:30,  1.24s/doc]
11:18:08 [INFO] └─────────────────────────────────────────
11:18:23 [INFO] ├─ Progress ──────────────────────────────
11:18:23 [INFO]   Worker 6000-7000: Documents:  81%|███████████████████████▍     | 162/200 [04:33<01:06,  1.74s/doc]
11:18:23 [INFO]   Worker 7000-8000: Documents:  69%|████████████████████         | 138/200 [04:33<01:21,  1.31s/doc]
11:18:23 [INFO] └─────────────────────────────────────────
11:18:38 [INFO] ├─ Progress ──────────────────────────────
11:18:38 [INFO]   Worker 6000-7000: Documents:  86%|████████████████████████▊    | 171/200 [04:47<00:48,  1.67s/doc]
11:18:38 [INFO]   Worker 7000-8000: Documents:  74%|█████████████████████▍       | 148/200 [04:48<01:01,  1.17s/doc]
11:18:38 [INFO] └─────────────────────────────────────────
11:18:53 [INFO] ├─ Progress ──────────────────────────────
11:18:53 [INFO]   Worker 6000-7000: Documents:  90%|█████████████████████████▉   | 179/200 [05:03<00:33,  1.58s/doc]
11:18:53 [INFO]   Worker 7000-8000: Documents:  78%|██████████████████████▍      | 155/200 [05:01<01:24,  1.87s/doc]
11:18:53 [INFO] └─────────────────────────────────────────
11:19:08 [INFO] ├─ Progress ──────────────────────────────
11:19:08 [INFO]   Worker 6000-7000: Documents:  96%|███████████████████████████▋ | 191/200 [05:18<00:11,  1.22s/doc]
11:19:08 [INFO]   Worker 7000-8000: Documents:  82%|███████████████████████▉     | 165/200 [05:17<01:00,  1.74s/doc]
11:19:08 [INFO] └─────────────────────────────────────────
11:19:23 [INFO] ├─ Progress ──────────────────────────────
11:19:23 [INFO]   Worker 6000-7000: Documents: 100%|████████████████████████████▊| 199/200 [05:31<00:01,  1.44s/doc]EntityRegistry saved: 32140 canonicals -> D:\Machine Learning\project_genesis\GLM_X\glm_x_code\model_training\universal\parallel_tmp\w_6000-7000\entity_registry.pkl
11:19:23 [INFO]   Worker 7000-8000: Documents:  86%|████████████████████████▉    | 172/200 [05:32<01:00,  2.15s/doc]
11:19:23 [INFO] └─────────────────────────────────────────
11:19:38 [INFO] ├─ Progress ──────────────────────────────
11:19:38 [INFO]   Worker 6000-7000: Documents: 100%|█████████████████████████████| 200/200 [05:34<00:00,  1.67s/doc]
11:19:38 [INFO]   Worker 7000-8000: Documents:  92%|██████████████████████████▋  | 184/200 [05:48<00:21,  1.34s/doc]
11:19:38 [INFO] └─────────────────────────────────────────
11:19:53 [INFO] ├─ Progress ──────────────────────────────
11:19:53 [INFO]   Worker 7000-8000: Documents:  98%|████████████████████████████▎| 195/200 [06:03<00:06,  1.35s/doc]
11:19:53 [INFO] └─────────────────────────────────────────
11:20:08 [INFO] ├─ Progress ──────────────────────────────
11:20:08 [INFO]   Worker 6000-7000: Relations: 2968 → 1954
11:20:08 [INFO]   Worker 7000-8000: Documents: 100%|█████████████████████████████| 200/200 [06:12<00:00,  1.86s/doc]
11:20:08 [INFO] └─────────────────────────────────────────
11:20:38 [INFO] ├─ Progress ──────────────────────────────
11:20:38 [INFO]   Worker 6000-7000: Documents: 200
11:20:38 [INFO]   Worker 7000-8000: Relations: 3099 → 2069
11:20:38 [INFO] └─────────────────────────────────────────
11:21:08 [INFO] ├─ Progress ──────────────────────────────
11:21:08 [INFO]   Worker 7000-8000: Graph: 4184 nodes, 4728 edges
11:21:08 [INFO] └─────────────────────────────────────────
11:21:23 [INFO] ├─ Progress ──────────────────────────────
11:21:23 [INFO]   Worker 7000-8000: Documents: 200
11:21:23 [INFO] └─────────────────────────────────────────
11:21:53 [INFO] ├─ Progress ──────────────────────────────
11:21:53 [INFO]   Worker 6000-7000: Documents:   3%|▉                              | 6/200 [00:07<04:23,  1.36s/doc]
11:21:53 [INFO] └─────────────────────────────────────────
11:22:08 [INFO] ├─ Progress ──────────────────────────────
11:22:08 [INFO]   Worker 6000-7000: Documents:   9%|██▋                           | 18/200 [00:23<03:33,  1.17s/doc]
11:22:08 [INFO] └─────────────────────────────────────────
11:22:23 [INFO] ├─ Progress ──────────────────────────────
11:22:23 [INFO]   Worker 6000-7000: Documents:  18%|█████▎                        | 35/200 [00:37<02:27,  1.12doc/s]
11:22:23 [INFO]   Worker 7000-8000: Documents:   0%|                                       | 0/200 [00:00<?, ?doc/s]
11:22:23 [INFO] └─────────────────────────────────────────
11:22:38 [INFO] ├─ Progress ──────────────────────────────
11:22:38 [INFO]   Worker 6000-7000: Documents:  22%|██████▌                       | 44/200 [00:51<03:46,  1.45s/doc]
11:22:38 [INFO]   Worker 7000-8000: Documents:   4%|█▏                             | 8/200 [00:15<05:28,  1.71s/doc]
11:22:38 [INFO] └─────────────────────────────────────────
11:22:53 [INFO] ├─ Progress ──────────────────────────────
11:22:53 [INFO]   Worker 6000-7000: Documents:  28%|████████▍                     | 56/200 [01:06<03:04,  1.28s/doc]
11:22:53 [INFO]   Worker 7000-8000: Documents:   9%|██▋                           | 18/200 [00:29<04:40,  1.54s/doc]
11:22:53 [INFO] └─────────────────────────────────────────
11:23:08 [INFO] ├─ Progress ──────────────────────────────
11:23:08 [INFO]   Worker 6000-7000: Documents:  33%|█████████▉                    | 66/200 [01:19<02:43,  1.22s/doc]
11:23:08 [INFO]   Worker 7000-8000: Documents:  15%|████▌                         | 30/200 [00:44<03:39,  1.29s/doc]
11:23:08 [INFO] └─────────────────────────────────────────
11:23:23 [INFO] ├─ Progress ──────────────────────────────
11:23:23 [INFO]   Worker 6000-7000: Documents:  39%|███████████▋                  | 78/200 [01:36<02:30,  1.23s/doc]
11:23:23 [INFO]   Worker 7000-8000: Documents:  20%|█████▊                        | 39/200 [00:59<04:15,  1.59s/doc]
11:23:23 [INFO] └─────────────────────────────────────────
11:23:38 [INFO] ├─ Progress ──────────────────────────────
11:23:38 [INFO]   Worker 6000-7000: Documents:  44%|█████████████                 | 87/200 [01:51<02:19,  1.24s/doc]
11:23:38 [INFO]   Worker 7000-8000: Documents:  24%|███████▎                      | 49/200 [01:15<03:24,  1.35s/doc]
11:23:38 [INFO] └─────────────────────────────────────────
11:23:53 [INFO] ├─ Progress ──────────────────────────────
11:23:53 [INFO]   Worker 6000-7000: Documents:  48%|██████████████▌               | 97/200 [02:08<02:25,  1.41s/doc]
11:23:53 [INFO]   Worker 7000-8000: Documents:  29%|████████▋                     | 58/200 [01:30<03:51,  1.63s/doc]
11:23:53 [INFO] └─────────────────────────────────────────
11:24:08 [INFO] ├─ Progress ──────────────────────────────
11:24:08 [INFO]   Worker 6000-7000: Documents:  54%|███████████████▌             | 107/200 [02:22<02:09,  1.40s/doc]
11:24:08 [INFO]   Worker 7000-8000: Documents:  33%|█████████▉                    | 66/200 [01:45<04:05,  1.84s/doc]
11:24:08 [INFO] └─────────────────────────────────────────
11:24:23 [INFO] ├─ Progress ──────────────────────────────
11:24:23 [INFO]   Worker 6000-7000: Documents:  59%|█████████████████            | 118/200 [02:37<01:57,  1.43s/doc]
11:24:23 [INFO]   Worker 7000-8000: Documents:  37%|███████████                   | 74/200 [01:59<03:57,  1.88s/doc]
11:24:23 [INFO] └─────────────────────────────────────────
11:24:38 [INFO] ├─ Progress ──────────────────────────────
11:24:38 [INFO]   Worker 6000-7000: Documents:  64%|██████████████████▋          | 129/200 [02:52<01:50,  1.56s/doc]
11:24:38 [INFO]   Worker 7000-8000: Documents:  40%|████████████▏                 | 81/200 [02:14<03:50,  1.94s/doc]
11:24:38 [INFO] └─────────────────────────────────────────
11:24:53 [INFO] ├─ Progress ──────────────────────────────
11:24:53 [INFO]   Worker 6000-7000: Documents:  70%|████████████████████▏        | 139/200 [03:07<01:29,  1.47s/doc]
11:24:53 [INFO]   Worker 7000-8000: Documents:  46%|█████████████▋                | 91/200 [02:30<02:52,  1.59s/doc]
11:24:53 [INFO] └─────────────────────────────────────────
11:25:08 [INFO] ├─ Progress ──────────────────────────────
11:25:08 [INFO]   Worker 6000-7000: Documents:  74%|█████████████████████▌       | 149/200 [03:23<01:16,  1.50s/doc]
11:25:08 [INFO]   Worker 7000-8000: Documents:  51%|██████████████▊              | 102/200 [02:45<01:54,  1.17s/doc]
11:25:08 [INFO] └─────────────────────────────────────────
11:25:23 [INFO] ├─ Progress ──────────────────────────────
11:25:23 [INFO]   Worker 6000-7000: Documents:  80%|███████████████████████      | 159/200 [03:37<00:59,  1.45s/doc]
11:25:23 [INFO]   Worker 7000-8000: Documents:  56%|████████████████             | 111/200 [03:00<02:35,  1.74s/doc]
11:25:23 [INFO] └─────────────────────────────────────────
11:25:38 [INFO] ├─ Progress ──────────────────────────────
11:25:38 [INFO]   Worker 6000-7000: Documents:  85%|████████████████████████▋    | 170/200 [03:52<00:43,  1.46s/doc]
11:25:38 [INFO]   Worker 7000-8000: Documents:  60%|█████████████████▌           | 121/200 [03:14<01:44,  1.33s/doc]
11:25:38 [INFO] └─────────────────────────────────────────
11:25:53 [INFO] ├─ Progress ──────────────────────────────
11:25:53 [INFO]   Worker 6000-7000: Documents:  90%|█████████████████████████▉   | 179/200 [04:08<00:38,  1.84s/doc]
11:25:53 [INFO]   Worker 7000-8000: Documents:  64%|██████████████████▌          | 128/200 [03:30<02:31,  2.10s/doc]
11:25:53 [INFO] └─────────────────────────────────────────
11:26:08 [INFO] ├─ Progress ──────────────────────────────
11:26:08 [INFO]   Worker 6000-7000: Documents:  94%|███████████████████████████▍ | 189/200 [04:22<00:14,  1.32s/doc]
11:26:08 [INFO]   Worker 7000-8000: Documents:  68%|███████████████████▋         | 136/200 [03:44<01:42,  1.61s/doc]
11:26:08 [INFO] └─────────────────────────────────────────
11:26:23 [INFO] ├─ Progress ──────────────────────────────
11:26:23 [INFO]   Worker 6000-7000: Documents:  98%|████████████████████████████▌| 197/200 [04:37<00:05,  1.80s/doc]
11:26:23 [INFO]   Worker 7000-8000: Documents:  72%|█████████████████████        | 145/200 [04:00<01:44,  1.91s/doc]
11:26:23 [INFO] └─────────────────────────────────────────
11:26:38 [INFO] ├─ Progress ──────────────────────────────
11:26:38 [INFO]   Worker 6000-7000: Documents: 100%|█████████████████████████████| 200/200 [04:43<00:00,  1.42s/doc]
11:26:38 [INFO]   Worker 7000-8000: Documents:  76%|██████████████████████▏      | 153/200 [04:15<01:13,  1.57s/doc]
11:26:38 [INFO] └─────────────────────────────────────────
11:26:53 [INFO] ├─ Progress ──────────────────────────────
11:26:53 [INFO]   Worker 7000-8000: Documents:  80%|███████████████████████▎     | 161/200 [04:30<01:11,  1.83s/doc]
11:26:53 [INFO] └─────────────────────────────────────────
11:27:08 [INFO] ├─ Progress ──────────────────────────────
11:27:08 [INFO]   Worker 6000-7000: Relations: 3104 → 2038
11:27:08 [INFO]   Worker 7000-8000: Documents:  86%|████████████████████████▊    | 171/200 [04:44<00:36,  1.28s/doc]
11:27:08 [INFO] └─────────────────────────────────────────
12:12:43 [INFO] ├─ Progress ──────────────────────────────
12:12:43 [INFO]   Worker 7000-8000: Documents:  86%|████████████████████████▉    | 172/200 [04:52<01:29,  3.20s/doc]
12:12:43 [INFO] └─────────────────────────────────────────
12:13:13 [INFO] ├─ Progress ──────────────────────────────
12:13:13 [INFO]   Worker 7000-8000: Documents:  86%|██████████████████████▍   | 173/200 [50:48<6:13:06, 829.13s/doc]
12:13:13 [INFO] └─────────────────────────────────────────
12:13:28 [INFO] ├─ Progress ──────────────────────────────
12:13:28 [INFO]   Worker 6000-7000: Documents: 200
12:13:28 [INFO]   Worker 7000-8000: Documents:  90%|██████████████████████████   | 180/200 [51:05<23:24, 70.24s/doc]
12:13:28 [INFO] └─────────────────────────────────────────
12:13:43 [INFO] ├─ Progress ──────────────────────────────
12:13:43 [INFO]   Worker 7000-8000: Documents:  94%|███████████████████████████▍ | 189/200 [51:19<00:45,  4.16s/doc]
12:13:43 [INFO] └─────────────────────────────────────────
12:13:58 [INFO] ├─ Progress ──────────────────────────────
12:13:58 [INFO]   Worker 7000-8000: Documents: 100%|████████████████████████████▊| 199/200 [51:34<00:01,  1.51s/doc]
12:13:58 [INFO] └─────────────────────────────────────────
12:14:13 [INFO] ├─ Progress ──────────────────────────────
12:14:13 [INFO]   Worker 7000-8000: Documents: 100%|█████████████████████████████| 200/200 [51:36<00:00, 15.48s/doc]
12:14:13 [INFO] └─────────────────────────────────────────
12:14:43 [INFO] ├─ Progress ──────────────────────────────
12:14:43 [INFO]   Worker 6000-7000: Documents:   0%|                                       | 0/200 [00:00<?, ?doc/s]
12:14:43 [INFO]   Worker 7000-8000: Relations: 3253 → 2108
12:14:43 [INFO] └─────────────────────────────────────────
12:14:58 [INFO] ├─ Progress ──────────────────────────────
12:14:58 [INFO]   Worker 6000-7000: Documents:   5%|█▌                            | 10/200 [00:18<03:56,  1.24s/doc]
12:14:58 [INFO]   Worker 7000-8000: DB: 6831 nodes, 9746 edges (14.6 MB)
12:14:58 [INFO] └─────────────────────────────────────────
12:15:13 [INFO] ├─ Progress ──────────────────────────────
12:15:13 [INFO]   Worker 6000-7000: Documents:  11%|███▎                          | 22/200 [00:33<04:30,  1.52s/doc]
12:15:13 [INFO]   Worker 7000-8000: Documents: 200
12:15:13 [INFO] └─────────────────────────────────────────
12:15:28 [INFO] ├─ Progress ──────────────────────────────
12:15:28 [INFO]   Worker 6000-7000: Documents:  17%|█████                         | 34/200 [00:48<02:57,  1.07s/doc]
12:15:28 [INFO] └─────────────────────────────────────────
12:15:43 [INFO] ├─ Progress ──────────────────────────────
12:15:43 [INFO]   Worker 6000-7000: Documents:  23%|██████▉                       | 46/200 [01:03<03:19,  1.30s/doc]
12:15:43 [INFO] └─────────────────────────────────────────
12:15:58 [INFO] ├─ Progress ──────────────────────────────
12:15:58 [INFO]   Worker 6000-7000: Documents:  28%|████████▍                     | 56/200 [01:17<02:58,  1.24s/doc]
12:15:58 [INFO] └─────────────────────────────────────────
12:16:13 [INFO] ├─ Progress ──────────────────────────────
12:16:13 [INFO]   Worker 6000-7000: Documents:  34%|██████████▎                   | 69/200 [01:32<02:30,  1.15s/doc]
12:16:13 [INFO] └─────────────────────────────────────────
12:16:29 [INFO] ├─ Progress ──────────────────────────────
12:16:29 [INFO]   Worker 6000-7000: Documents:  38%|███████████▍                  | 76/200 [01:48<05:43,  2.77s/doc]
12:16:29 [INFO]   Worker 7000-8000: Documents:   1%|▎                              | 2/200 [00:08<13:52,  4.21s/doc]
12:16:29 [INFO] └─────────────────────────────────────────
12:16:44 [INFO] ├─ Progress ──────────────────────────────
12:16:44 [INFO]   Worker 6000-7000: Documents:  41%|████████████▎                 | 82/200 [02:02<04:54,  2.50s/doc]
12:16:44 [INFO]   Worker 7000-8000: Documents:   3%|▉                              | 6/200 [00:25<11:26,  3.54s/doc]
12:16:44 [INFO] └─────────────────────────────────────────
12:16:59 [INFO] ├─ Progress ──────────────────────────────
12:16:59 [INFO]   Worker 6000-7000: Documents:  44%|█████████████▎                | 89/200 [02:17<03:46,  2.04s/doc]
12:16:59 [INFO]   Worker 7000-8000: Documents:   6%|█▊                            | 12/200 [00:41<09:13,  2.94s/doc]
12:16:59 [INFO] └─────────────────────────────────────────
12:17:14 [INFO] ├─ Progress ──────────────────────────────
12:17:14 [INFO]   Worker 6000-7000: Documents:  48%|██████████████▌               | 97/200 [02:32<03:47,  2.21s/doc]
12:17:14 [INFO]   Worker 7000-8000: Documents:  10%|██▊                           | 19/200 [00:56<07:44,  2.57s/doc]
12:17:14 [INFO] └─────────────────────────────────────────
